// Jest Snapshot v1, https://goo.gl/fbAQLP

exports[`the pizzaa data is correct 1`] = `
Array [
  Object {
    "desc": "New York-style pizza has slices that are large and wide with a thin crust tha is foldable yet crispy.",
    "id": 1,
    "image": "/images qny-pizza.jpg",
    "name": "New York Pizza",
    "price": 8,
  },
  Object {
    "desc": "San Francisco-style pizza has slices that are large and wide with a thin crust tha is foldable yet crispy.",
    "id": 2,
    "image": "/images/sf-pizza.jpg",
    "name": "San Francisco Pizza",
    "price": 10,
  },
  Object {
    "desc": "Dallas-style pizza has slices that are large and wide with a thin crust tha is foldable yet crispy.",
    "id": 3,
    "image": "/images/da-pizza.jpg",
    "name": "Dallas Pizza",
    "price": 7,
  },
  Object {
    "desc": "Chicago-style pizza has slices that are large and wide with a thin crust tha is foldable yet crispy.",
    "id": 4,
    "image": "/images/ch-pizza.jpg",
    "name": "Chicago Pizza",
    "price": 9,
  },
]
`;
